// Jest Snapshot v1, https://goo.gl/fbAQLP

exports[`PitchDiagram utils patterns makePitchPattern() and getPitchPatternName() pitch pattern should match pattern type 1`] = `
Array [
  Array [
    Array [
      0,
      1,
      "heiban",
    ],
    Array [
      1,
      0,
      "atamadaka",
    ],
  ],
  Array [
    Array [
      0,
      1,
      1,
      "heiban",
    ],
    Array [
      1,
      0,
      0,
      "atamadaka",
    ],
    Array [
      0,
      1,
      0,
      "odaka",
    ],
  ],
  Array [
    Array [
      0,
      1,
      1,
      1,
      "heiban",
    ],
    Array [
      1,
      0,
      0,
      0,
      "atamadaka",
    ],
    Array [
      0,
      1,
      0,
      0,
      "nakadaka",
    ],
    Array [
      0,
      1,
      1,
      0,
      "odaka",
    ],
  ],
  Array [
    Array [
      0,
      1,
      1,
      1,
      1,
      "heiban",
    ],
    Array [
      1,
      0,
      0,
      0,
      0,
      "atamadaka",
    ],
    Array [
      0,
      1,
      0,
      0,
      0,
      "nakadaka",
    ],
    Array [
      0,
      1,
      1,
      0,
      0,
      "nakadaka",
    ],
    Array [
      0,
      1,
      1,
      1,
      0,
      "odaka",
    ],
  ],
  Array [
    Array [
      0,
      1,
      1,
      1,
      1,
      1,
      "heiban",
    ],
    Array [
      1,
      0,
      0,
      0,
      0,
      0,
      "atamadaka",
    ],
    Array [
      0,
      1,
      0,
      0,
      0,
      0,
      "nakadaka",
    ],
    Array [
      0,
      1,
      1,
      0,
      0,
      0,
      "nakadaka",
    ],
    Array [
      0,
      1,
      1,
      1,
      0,
      0,
      "nakadaka",
    ],
    Array [
      0,
      1,
      1,
      1,
      1,
      0,
      "odaka",
    ],
  ],
  Array [
    Array [
      0,
      1,
      1,
      1,
      1,
      1,
      1,
      "heiban",
    ],
    Array [
      1,
      0,
      0,
      0,
      0,
      0,
      0,
      "atamadaka",
    ],
    Array [
      0,
      1,
      0,
      0,
      0,
      0,
      0,
      "nakadaka",
    ],
    Array [
      0,
      1,
      1,
      0,
      0,
      0,
      0,
      "nakadaka",
    ],
    Array [
      0,
      1,
      1,
      1,
      0,
      0,
      0,
      "nakadaka",
    ],
    Array [
      0,
      1,
      1,
      1,
      1,
      0,
      0,
      "nakadaka",
    ],
    Array [
      0,
      1,
      1,
      1,
      1,
      1,
      0,
      "odaka",
    ],
  ],
]
`;

exports[`PitchDiagram utils patterns makePitchPattern() creates correct patterns 1`] = `
Array [
  Array [
    Array [
      0,
      1,
    ],
    Array [
      1,
      0,
    ],
  ],
  Array [
    Array [
      0,
      1,
      1,
    ],
    Array [
      1,
      0,
      0,
    ],
    Array [
      0,
      1,
      0,
    ],
  ],
  Array [
    Array [
      0,
      1,
      1,
      1,
    ],
    Array [
      1,
      0,
      0,
      0,
    ],
    Array [
      0,
      1,
      0,
      0,
    ],
    Array [
      0,
      1,
      1,
      0,
    ],
  ],
  Array [
    Array [
      0,
      1,
      1,
      1,
      1,
    ],
    Array [
      1,
      0,
      0,
      0,
      0,
    ],
    Array [
      0,
      1,
      0,
      0,
      0,
    ],
    Array [
      0,
      1,
      1,
      0,
      0,
    ],
    Array [
      0,
      1,
      1,
      1,
      0,
    ],
  ],
  Array [
    Array [
      0,
      1,
      1,
      1,
      1,
      1,
    ],
    Array [
      1,
      0,
      0,
      0,
      0,
      0,
    ],
    Array [
      0,
      1,
      0,
      0,
      0,
      0,
    ],
    Array [
      0,
      1,
      1,
      0,
      0,
      0,
    ],
    Array [
      0,
      1,
      1,
      1,
      0,
      0,
    ],
    Array [
      0,
      1,
      1,
      1,
      1,
      0,
    ],
  ],
  Array [
    Array [
      0,
      1,
      1,
      1,
      1,
      1,
      1,
    ],
    Array [
      1,
      0,
      0,
      0,
      0,
      0,
      0,
    ],
    Array [
      0,
      1,
      0,
      0,
      0,
      0,
      0,
    ],
    Array [
      0,
      1,
      1,
      0,
      0,
      0,
      0,
    ],
    Array [
      0,
      1,
      1,
      1,
      0,
      0,
      0,
    ],
    Array [
      0,
      1,
      1,
      1,
      1,
      0,
      0,
    ],
    Array [
      0,
      1,
      1,
      1,
      1,
      1,
      0,
    ],
  ],
]
`;
